============================= test session starts =============================
platform win32 -- Python 3.11.9, pytest-7.4.3, pluggy-1.6.0
PyQt6 6.6.1 -- Qt runtime 6.6.1 -- Qt compiled 6.6.1
rootdir: C:\Users\ASUS\Documents\LEARNING\IA\Nyx
plugins: qt-4.2.0
collected 23 items

src\tests\test_interpreters.py .FFFFFFFFFFFFFFFFFFFFFF                   [100%]

================================== FAILURES ===================================
___________________ TestHandInterpreter.test_interpret_fist ___________________

self = <tests.test_interpreters.TestHandInterpreter object at 0x000002006BA52810>

    def test_interpret_fist(self):
        """Test de interpretaci¾n de pu±o."""
        # Modificar landmarks para simular pu±o (todos los dedos cerrados)
        for i in range(21):
            self.test_landmarks[i].y = 0.9  # Todos abajo
    
>       gesture = self.interpreter.interpret(self.test_landmarks)

src\tests\test_interpreters.py:48: 
_ _ _ _ _ _ _ _ _ _ _ _ _ _ _ _ _ _ _ _ _ _ _ _ _ _ _ _ _ _ _ _ _ _ _ _ _ _ _ _

self = <interpreters.hand_interpreter.HandInterpreter object at 0x000002006BA7D8D0>
hands_data = [<tests.test_interpreters.Landmark object at 0x000002006BA7D990>, <tests.test_interpreters.Landmark object at 0x000002...erpreters.Landmark object at 0x000002006BA7DCD0>, <tests.test_interpreters.Landmark object at 0x000002006BA7DE10>, ...]

    def interpret(self, hands_data: List[Dict]) -> List[Dict]:
        """
        Interpreta los datos de manos detectadas en gestos significativos.
    
        Args:
            hands_data: Lista de datos de manos detectadas por HandDetector
    
        Returns:
            Lista de gestos interpretados con contexto adicional
        """
        interpreted_gestures = []
    
        for hand in hands_data:
            if not hand:
                continue
    
            # Obtener gestos crudos de esta mano
>           raw_gestures = hand.get('gestures', [])
E           AttributeError: 'Landmark' object has no attribute 'get'

src\interpreters\hand_interpreter.py:69: AttributeError
________________ TestHandInterpreter.test_interpret_open_hand _________________

self = <tests.test_interpreters.TestHandInterpreter object at 0x000002006BA52E90>

    def test_interpret_open_hand(self):
        """Test de interpretaci¾n de mano abierta."""
        # Modificar landmarks para simular mano abierta
        # Puntos de los dedos separados
        finger_tips = [4, 8, 12, 16, 20]
        for tip in finger_tips:
            self.test_landmarks[tip].y = 0.3  # Arriba
    
>       gesture = self.interpreter.interpret(self.test_landmarks)

src\tests\test_interpreters.py:66: 
_ _ _ _ _ _ _ _ _ _ _ _ _ _ _ _ _ _ _ _ _ _ _ _ _ _ _ _ _ _ _ _ _ _ _ _ _ _ _ _

self = <interpreters.hand_interpreter.HandInterpreter object at 0x000002006BB52FD0>
hands_data = [<tests.test_interpreters.Landmark object at 0x000002006BA53B50>, <tests.test_interpreters.Landmark object at 0x000002...erpreters.Landmark object at 0x000002006BA71C10>, <tests.test_interpreters.Landmark object at 0x000002006BA70B90>, ...]

    def interpret(self, hands_data: List[Dict]) -> List[Dict]:
        """
        Interpreta los datos de manos detectadas en gestos significativos.
    
        Args:
            hands_data: Lista de datos de manos detectadas por HandDetector
    
        Returns:
            Lista de gestos interpretados con contexto adicional
        """
        interpreted_gestures = []
    
        for hand in hands_data:
            if not hand:
                continue
    
            # Obtener gestos crudos de esta mano
>           raw_gestures = hand.get('gestures', [])
E           AttributeError: 'Landmark' object has no attribute 'get'

src\interpreters\hand_interpreter.py:69: AttributeError
________________ TestHandInterpreter.test_interpret_peace_sign ________________

self = <tests.test_interpreters.TestHandInterpreter object at 0x000002006BA53550>

    def test_interpret_peace_sign(self):
        """Test de interpretaci¾n de se±al de paz."""
        # ═ndice y medio arriba, otros abajo
        self.test_landmarks[8].y = 0.3   # ═ndice arriba
        self.test_landmarks[12].y = 0.3  # Medio arriba
        self.test_landmarks[16].y = 0.9  # Anular abajo
        self.test_landmarks[20].y = 0.9  # Me±ique abajo
    
>       gesture = self.interpreter.interpret(self.test_landmarks)

src\tests\test_interpreters.py:80: 
_ _ _ _ _ _ _ _ _ _ _ _ _ _ _ _ _ _ _ _ _ _ _ _ _ _ _ _ _ _ _ _ _ _ _ _ _ _ _ _

self = <interpreters.hand_interpreter.HandInterpreter object at 0x000002006BB53D50>
hands_data = [<tests.test_interpreters.Landmark object at 0x000002006BB50690>, <tests.test_interpreters.Landmark object at 0x000002...erpreters.Landmark object at 0x000002006BB53350>, <tests.test_interpreters.Landmark object at 0x000002006BB53810>, ...]

    def interpret(self, hands_data: List[Dict]) -> List[Dict]:
        """
        Interpreta los datos de manos detectadas en gestos significativos.
    
        Args:
            hands_data: Lista de datos de manos detectadas por HandDetector
    
        Returns:
            Lista de gestos interpretados con contexto adicional
        """
        interpreted_gestures = []
    
        for hand in hands_data:
            if not hand:
                continue
    
            # Obtener gestos crudos de esta mano
>           raw_gestures = hand.get('gestures', [])
E           AttributeError: 'Landmark' object has no attribute 'get'

src\interpreters\hand_interpreter.py:69: AttributeError
________________ TestHandInterpreter.test_interpret_thumbs_up _________________

self = <tests.test_interpreters.TestHandInterpreter object at 0x000002006BA53BD0>

    def test_interpret_thumbs_up(self):
        """Test de interpretaci¾n de pulgar arriba."""
        # Pulgar separado y arriba
        self.test_landmarks[4].x = 0.7  # Pulgar a la derecha
        self.test_landmarks[4].y = 0.3  # Pulgar arriba
    
>       gesture = self.interpreter.interpret(self.test_landmarks)

src\tests\test_interpreters.py:92: 
_ _ _ _ _ _ _ _ _ _ _ _ _ _ _ _ _ _ _ _ _ _ _ _ _ _ _ _ _ _ _ _ _ _ _ _ _ _ _ _

self = <interpreters.hand_interpreter.HandInterpreter object at 0x000002006BB57A90>
hands_data = [<tests.test_interpreters.Landmark object at 0x000002006BB54C90>, <tests.test_interpreters.Landmark object at 0x000002...erpreters.Landmark object at 0x000002006BB56B10>, <tests.test_interpreters.Landmark object at 0x000002006BB56890>, ...]

    def interpret(self, hands_data: List[Dict]) -> List[Dict]:
        """
        Interpreta los datos de manos detectadas en gestos significativos.
    
        Args:
            hands_data: Lista de datos de manos detectadas por HandDetector
    
        Returns:
            Lista de gestos interpretados con contexto adicional
        """
        interpreted_gestures = []
    
        for hand in hands_data:
            if not hand:
                continue
    
            # Obtener gestos crudos de esta mano
>           raw_gestures = hand.get('gestures', [])
E           AttributeError: 'Landmark' object has no attribute 'get'

src\interpreters\hand_interpreter.py:69: AttributeError
______________ TestHandInterpreter.test_calculate_finger_states _______________

self = <tests.test_interpreters.TestHandInterpreter object at 0x000002006BA70290>

    def test_calculate_finger_states(self):
        """Test de cßlculo de estados de dedos."""
>       states = self.interpreter._calculate_finger_states(self.test_landmarks)
E       AttributeError: 'HandInterpreter' object has no attribute '_calculate_finger_states'

src\tests\test_interpreters.py:100: AttributeError
_____________ TestHandInterpreter.test_calculate_hand_orientation _____________

self = <tests.test_interpreters.TestHandInterpreter object at 0x000002006BA70910>

    def test_calculate_hand_orientation(self):
        """Test de cßlculo de orientaci¾n de mano."""
>       orientation = self.interpreter._calculate_hand_orientation(self.test_landmarks)
E       AttributeError: 'HandInterpreter' object has no attribute '_calculate_hand_orientation'

src\tests\test_interpreters.py:115: AttributeError
_____________ TestHandInterpreter.test_interpret_empty_landmarks ______________

self = <tests.test_interpreters.TestHandInterpreter object at 0x000002006BA70F90>

    def test_interpret_empty_landmarks(self):
        """Test con landmarks vacÝos."""
        gesture = self.interpreter.interpret([])
    
        assert gesture is not None
>       assert gesture['gesture'] == 'unknown'
E       TypeError: list indices must be integers or slices, not str

src\tests\test_interpreters.py:132: TypeError
________________ TestHandInterpreter.test_get_gesture_history _________________

self = <tests.test_interpreters.TestHandInterpreter object at 0x000002006BA71610>

    def test_get_gesture_history(self):
        """Test de obtenci¾n del historial de gestos."""
        # Interpretar varias veces
        for _ in range(5):
>           self.interpreter.interpret(self.test_landmarks)

src\tests\test_interpreters.py:139: 
_ _ _ _ _ _ _ _ _ _ _ _ _ _ _ _ _ _ _ _ _ _ _ _ _ _ _ _ _ _ _ _ _ _ _ _ _ _ _ _

self = <interpreters.hand_interpreter.HandInterpreter object at 0x000002006BB54790>
hands_data = [<tests.test_interpreters.Landmark object at 0x000002006BB57590>, <tests.test_interpreters.Landmark object at 0x000002...erpreters.Landmark object at 0x000002006BB547D0>, <tests.test_interpreters.Landmark object at 0x000002006BB54C50>, ...]

    def interpret(self, hands_data: List[Dict]) -> List[Dict]:
        """
        Interpreta los datos de manos detectadas en gestos significativos.
    
        Args:
            hands_data: Lista de datos de manos detectadas por HandDetector
    
        Returns:
            Lista de gestos interpretados con contexto adicional
        """
        interpreted_gestures = []
    
        for hand in hands_data:
            if not hand:
                continue
    
            # Obtener gestos crudos de esta mano
>           raw_gestures = hand.get('gestures', [])
E           AttributeError: 'Landmark' object has no attribute 'get'

src\interpreters\hand_interpreter.py:69: AttributeError
__________________ TestArmInterpreter.test_interpret_arms_up __________________

self = <tests.test_interpreters.TestArmInterpreter object at 0x000002006BA52CD0>

    def test_interpret_arms_up(self):
        """Test de interpretaci¾n de brazos arriba."""
        # Brazos verticales (arriba)
        arms_data = {
            'arms': [
                {
                    'positions': [(200, 400), (200, 200)],  # Hacia arriba
                    'angles': [160.0],
                    'length': 200.0
                }
            ],
            'arm_count': 1
        }
    
>       result = self.interpreter.interpret(arms_data)

src\tests\test_interpreters.py:184: 
_ _ _ _ _ _ _ _ _ _ _ _ _ _ _ _ _ _ _ _ _ _ _ _ _ _ _ _ _ _ _ _ _ _ _ _ _ _ _ _

self = <interpreters.arm_interpreter.ArmInterpreter object at 0x000002006BB5B190>
arm_data = {'arm_count': 1, 'arms': [{'angles': [160.0], 'length': 200.0, 'positions': [(200, 400), (200, 200)]}]}

    def interpret(self, arm_data: List[Dict]) -> List[Dict]:
        """
        Interpreta los datos de brazos detectados en gestos significativos.
    
        Args:
            arm_data: Lista de datos de brazos detectados por ArmDetector
    
        Returns:
            Lista de gestos interpretados con contexto adicional
        """
        interpreted_gestures = []
    
        # Procesar cada detecci¾n de brazo
        for detection in arm_data:
            if not detection:
                continue
    
            # Obtener gestos crudos y landmarks
>           raw_gestures = detection.get('gestures', [])
E           AttributeError: 'str' object has no attribute 'get'

src\interpreters\arm_interpreter.py:76: AttributeError
_______________ TestArmInterpreter.test_interpret_arms_crossed ________________

self = <tests.test_interpreters.TestArmInterpreter object at 0x000002006BA70C10>

    def test_interpret_arms_crossed(self):
        """Test de interpretaci¾n de brazos cruzados."""
        # Brazos cruzados (en X)
        arms_data = {
            'arms': [
                {
                    'positions': [(100, 300), (300, 100)],  # Diagonal \
                    'angles': [45.0],
                    'length': 280.0
                },
                {
                    'positions': [(300, 300), (100, 100)],  # Diagonal /
                    'angles': [135.0],
                    'length': 280.0
                }
            ],
            'arm_count': 2
        }
    
>       result = self.interpreter.interpret(arms_data)

src\tests\test_interpreters.py:210: 
_ _ _ _ _ _ _ _ _ _ _ _ _ _ _ _ _ _ _ _ _ _ _ _ _ _ _ _ _ _ _ _ _ _ _ _ _ _ _ _

self = <interpreters.arm_interpreter.ArmInterpreter object at 0x000002006BB98350>
arm_data = {'arm_count': 2, 'arms': [{'angles': [45.0], 'length': 280.0, 'positions': [(100, 300), (300, 100)]}, {'angles': [135.0], 'length': 280.0, 'positions': [(300, 300), (100, 100)]}]}

    def interpret(self, arm_data: List[Dict]) -> List[Dict]:
        """
        Interpreta los datos de brazos detectados en gestos significativos.
    
        Args:
            arm_data: Lista de datos de brazos detectados por ArmDetector
    
        Returns:
            Lista de gestos interpretados con contexto adicional
        """
        interpreted_gestures = []
    
        # Procesar cada detecci¾n de brazo
        for detection in arm_data:
            if not detection:
                continue
    
            # Obtener gestos crudos y landmarks
>           raw_gestures = detection.get('gestures', [])
E           AttributeError: 'str' object has no attribute 'get'

src\interpreters\arm_interpreter.py:76: AttributeError
__________________ TestArmInterpreter.test_interpret_zoom_in __________________

self = <tests.test_interpreters.TestArmInterpreter object at 0x000002006BA71F90>

    def test_interpret_zoom_in(self):
        """Test de interpretaci¾n de zoom in (brazos separados)."""
        # Brazos separados horizontalmente
        arms_data = {
            'arms': [
                {
                    'positions': [(100, 200), (50, 200)],  # Izquierda
                    'angles': [180.0],
                    'length': 50.0
                },
                {
                    'positions': [(300, 200), (350, 200)],  # Derecha
                    'angles': [0.0],
                    'length': 50.0
                }
            ],
            'arm_count': 2
        }
    
>       result = self.interpreter.interpret(arms_data)

src\tests\test_interpreters.py:235: 
_ _ _ _ _ _ _ _ _ _ _ _ _ _ _ _ _ _ _ _ _ _ _ _ _ _ _ _ _ _ _ _ _ _ _ _ _ _ _ _

self = <interpreters.arm_interpreter.ArmInterpreter object at 0x000002006BB87890>
arm_data = {'arm_count': 2, 'arms': [{'angles': [180.0], 'length': 50.0, 'positions': [(100, 200), (50, 200)]}, {'angles': [0.0], 'length': 50.0, 'positions': [(300, 200), (350, 200)]}]}

    def interpret(self, arm_data: List[Dict]) -> List[Dict]:
        """
        Interpreta los datos de brazos detectados en gestos significativos.
    
        Args:
            arm_data: Lista de datos de brazos detectados por ArmDetector
    
        Returns:
            Lista de gestos interpretados con contexto adicional
        """
        interpreted_gestures = []
    
        # Procesar cada detecci¾n de brazo
        for detection in arm_data:
            if not detection:
                continue
    
            # Obtener gestos crudos y landmarks
>           raw_gestures = detection.get('gestures', [])
E           AttributeError: 'str' object has no attribute 'get'

src\interpreters\arm_interpreter.py:76: AttributeError
_________________ TestArmInterpreter.test_interpret_zoom_out __________________

self = <tests.test_interpreters.TestArmInterpreter object at 0x000002006BA722D0>

    def test_interpret_zoom_out(self):
        """Test de interpretaci¾n de zoom out (brazos juntos)."""
        # Brazos juntos
        arms_data = {
            'arms': [
                {
                    'positions': [(200, 200), (180, 200)],  # Cerca
                    'angles': [180.0],
                    'length': 20.0
                },
                {
                    'positions': [(200, 200), (220, 200)],  # Cerca
                    'angles': [0.0],
                    'length': 20.0
                }
            ],
            'arm_count': 2
        }
    
>       result = self.interpreter.interpret(arms_data)

src\tests\test_interpreters.py:260: 
_ _ _ _ _ _ _ _ _ _ _ _ _ _ _ _ _ _ _ _ _ _ _ _ _ _ _ _ _ _ _ _ _ _ _ _ _ _ _ _

self = <interpreters.arm_interpreter.ArmInterpreter object at 0x000002006BB43A90>
arm_data = {'arm_count': 2, 'arms': [{'angles': [180.0], 'length': 20.0, 'positions': [(200, 200), (180, 200)]}, {'angles': [0.0], 'length': 20.0, 'positions': [(200, 200), (220, 200)]}]}

    def interpret(self, arm_data: List[Dict]) -> List[Dict]:
        """
        Interpreta los datos de brazos detectados en gestos significativos.
    
        Args:
            arm_data: Lista de datos de brazos detectados por ArmDetector
    
        Returns:
            Lista de gestos interpretados con contexto adicional
        """
        interpreted_gestures = []
    
        # Procesar cada detecci¾n de brazo
        for detection in arm_data:
            if not detection:
                continue
    
            # Obtener gestos crudos y landmarks
>           raw_gestures = detection.get('gestures', [])
E           AttributeError: 'str' object has no attribute 'get'

src\interpreters\arm_interpreter.py:76: AttributeError
_________________ TestArmInterpreter.test_calculate_arm_angle _________________

self = <tests.test_interpreters.TestArmInterpreter object at 0x000002006BA725D0>

    def test_calculate_arm_angle(self):
        """Test de cßlculo de ßngulo de brazo."""
        points = [(100, 100), (200, 100), (300, 100)]  # LÝnea recta
>       angle = self.interpreter._calculate_arm_angle(points)
E       AttributeError: 'ArmInterpreter' object has no attribute '_calculate_arm_angle'

src\tests\test_interpreters.py:269: AttributeError
_________________ TestArmInterpreter.test_detect_arm_pattern __________________

self = <tests.test_interpreters.TestArmInterpreter object at 0x000002006BA72C10>

    def test_detect_arm_pattern(self):
        """Test de detecci¾n de patrones de brazo."""
>       patterns = self.interpreter._detect_arm_pattern(self.test_arms_data)
E       AttributeError: 'ArmInterpreter' object has no attribute '_detect_arm_pattern'

src\tests\test_interpreters.py:276: AttributeError
________________ TestArmInterpreter.test_interpret_empty_data _________________

self = <tests.test_interpreters.TestArmInterpreter object at 0x000002006BA73290>

    def test_interpret_empty_data(self):
        """Test con datos vacÝos."""
        result = self.interpreter.interpret({})
    
        assert result is not None
>       assert result['gesture'] == 'unknown'
E       TypeError: list indices must be integers or slices, not str

src\tests\test_interpreters.py:286: TypeError
_____________ TestVoiceInterpreter.test_interpret_basic_commands ______________

self = <tests.test_interpreters.TestVoiceInterpreter object at 0x000002006BA73C50>

    def test_interpret_basic_commands(self):
        """Test de interpretaci¾n de comandos bßsicos."""
        test_cases = [
            ("nyx abre chrome", {"command": "open", "target": "chrome"}),
            ("nyx cierra ventana", {"command": "close", "target": "window"}),
            ("nyx sube volumen", {"command": "volume", "action": "up"}),
            ("nyx maximiza", {"command": "window", "action": "maximize"}),
            ("nyx mute", {"command": "volume", "action": "mute"}),
        ]
    
        for text, expected in test_cases:
            result = self.interpreter.interpret(text)
    
>           assert result is not None
E           assert None is not None

src\tests\test_interpreters.py:309: AssertionError
------------------------------ Captured log call ------------------------------
WARNING  interpreters.voice_interpreter:voice_interpreter.py:170 \u26a0\ufe0f Comando de voz inv\xe1lido recibido
_________ TestVoiceInterpreter.test_interpret_without_activation_word _________

self = <tests.test_interpreters.TestVoiceInterpreter object at 0x000002006BA74310>

    def test_interpret_without_activation_word(self):
        """Test de texto sin palabra de activaci¾n."""
        result = self.interpreter.interpret("abre chrome")
    
        # Sin "nyx", deberÝa ignorarse
>       assert result['command'] == 'unknown'
E       TypeError: 'NoneType' object is not subscriptable

src\tests\test_interpreters.py:322: TypeError
------------------------------ Captured log call ------------------------------
WARNING  interpreters.voice_interpreter:voice_interpreter.py:170 \u26a0\ufe0f Comando de voz inv\xe1lido recibido
______________ TestVoiceInterpreter.test_extract_activation_word ______________

self = <tests.test_interpreters.TestVoiceInterpreter object at 0x000002006BA74990>

    def test_extract_activation_word(self):
        """Test de extracci¾n de palabra de activaci¾n."""
        test_text = "nyx por favor abre chrome"
>       cleaned = self.interpreter._extract_activation_word(test_text)
E       AttributeError: 'VoiceInterpreter' object has no attribute '_extract_activation_word'

src\tests\test_interpreters.py:328: AttributeError
___________________ TestVoiceInterpreter.test_match_pattern ___________________

self = <tests.test_interpreters.TestVoiceInterpreter object at 0x000002006BA75050>

    def test_match_pattern(self):
        """Test de coincidencia de patrones."""
>       patterns = self.interpreter.command_patterns
E       AttributeError: 'VoiceInterpreter' object has no attribute 'command_patterns'

src\tests\test_interpreters.py:335: AttributeError
_______________ TestVoiceInterpreter.test_interpret_empty_text ________________

self = <tests.test_interpreters.TestVoiceInterpreter object at 0x000002006BA756D0>

    def test_interpret_empty_text(self):
        """Test con texto vacÝo."""
        result = self.interpreter.interpret("")
    
>       assert result['command'] == 'unknown'
E       TypeError: 'NoneType' object is not subscriptable

src\tests\test_interpreters.py:357: TypeError
------------------------------ Captured log call ------------------------------
WARNING  interpreters.voice_interpreter:voice_interpreter.py:170 \u26a0\ufe0f Comando de voz inv\xe1lido recibido
_____________ TestVoiceInterpreter.test_interpret_unknown_command _____________

self = <tests.test_interpreters.TestVoiceInterpreter object at 0x000002006BA75D50>

    def test_interpret_unknown_command(self):
        """Test de comando desconocido."""
        result = self.interpreter.interpret("nyx haz algo raro")
    
>       assert result['command'] == 'unknown'
E       TypeError: 'NoneType' object is not subscriptable

src\tests\test_interpreters.py:364: TypeError
------------------------------ Captured log call ------------------------------
WARNING  interpreters.voice_interpreter:voice_interpreter.py:170 \u26a0\ufe0f Comando de voz inv\xe1lido recibido
________________________ test_integration_interpreters ________________________

    def test_integration_interpreters():
        """Test de integraci¾n entre interpretadores."""
        # Crear instancias
        hand_interpreter = HandInterpreter()
        arm_interpreter = ArmInterpreter()
        voice_interpreter = VoiceInterpreter()
    
        # Verificar inicializaci¾n
        assert hand_interpreter is not None
        assert arm_interpreter is not None
        assert voice_interpreter is not None
    
        # Datos de prueba
        test_landmarks = []
        for i in range(21):
            landmark = type('Landmark', (), {'x': 0.5, 'y': 0.5, 'z': 0.0})()
            test_landmarks.append(landmark)
    
        test_arms_data = {
            'arms': [{'positions': [(100, 100), (100, 300)], 'angles': [180.0], 'length': 200.0}],
            'arm_count': 1
        }
    
        test_voice_command = "nyx abre chrome"
    
        # Probar interpretaci¾n
>       hand_result = hand_interpreter.interpret(test_landmarks)

src\tests\test_interpreters.py:393: 
_ _ _ _ _ _ _ _ _ _ _ _ _ _ _ _ _ _ _ _ _ _ _ _ _ _ _ _ _ _ _ _ _ _ _ _ _ _ _ _

self = <interpreters.hand_interpreter.HandInterpreter object at 0x000002006BB34F90>
hands_data = [<tests.test_interpreters.Landmark object at 0x000002006BB35910>, <tests.test_interpreters.Landmark object at 0x000002...erpreters.Landmark object at 0x000002006BB34710>, <tests.test_interpreters.Landmark object at 0x000002006BA74B90>, ...]

    def interpret(self, hands_data: List[Dict]) -> List[Dict]:
        """
        Interpreta los datos de manos detectadas en gestos significativos.
    
        Args:
            hands_data: Lista de datos de manos detectadas por HandDetector
    
        Returns:
            Lista de gestos interpretados con contexto adicional
        """
        interpreted_gestures = []
    
        for hand in hands_data:
            if not hand:
                continue
    
            # Obtener gestos crudos de esta mano
>           raw_gestures = hand.get('gestures', [])
E           AttributeError: 'Landmark' object has no attribute 'get'

src\interpreters\hand_interpreter.py:69: AttributeError
=========================== short test summary info ===========================
FAILED src/tests/test_interpreters.py::TestHandInterpreter::test_interpret_fist
FAILED src/tests/test_interpreters.py::TestHandInterpreter::test_interpret_open_hand
FAILED src/tests/test_interpreters.py::TestHandInterpreter::test_interpret_peace_sign
FAILED src/tests/test_interpreters.py::TestHandInterpreter::test_interpret_thumbs_up
FAILED src/tests/test_interpreters.py::TestHandInterpreter::test_calculate_finger_states
FAILED src/tests/test_interpreters.py::TestHandInterpreter::test_calculate_hand_orientation
FAILED src/tests/test_interpreters.py::TestHandInterpreter::test_interpret_empty_landmarks
FAILED src/tests/test_interpreters.py::TestHandInterpreter::test_get_gesture_history
FAILED src/tests/test_interpreters.py::TestArmInterpreter::test_interpret_arms_up
FAILED src/tests/test_interpreters.py::TestArmInterpreter::test_interpret_arms_crossed
FAILED src/tests/test_interpreters.py::TestArmInterpreter::test_interpret_zoom_in
FAILED src/tests/test_interpreters.py::TestArmInterpreter::test_interpret_zoom_out
FAILED src/tests/test_interpreters.py::TestArmInterpreter::test_calculate_arm_angle
FAILED src/tests/test_interpreters.py::TestArmInterpreter::test_detect_arm_pattern
FAILED src/tests/test_interpreters.py::TestArmInterpreter::test_interpret_empty_data
FAILED src/tests/test_interpreters.py::TestVoiceInterpreter::test_interpret_basic_commands
FAILED src/tests/test_interpreters.py::TestVoiceInterpreter::test_interpret_without_activation_word
FAILED src/tests/test_interpreters.py::TestVoiceInterpreter::test_extract_activation_word
FAILED src/tests/test_interpreters.py::TestVoiceInterpreter::test_match_pattern
FAILED src/tests/test_interpreters.py::TestVoiceInterpreter::test_interpret_empty_text
FAILED src/tests/test_interpreters.py::TestVoiceInterpreter::test_interpret_unknown_command
FAILED src/tests/test_interpreters.py::test_integration_interpreters - Attrib...
======================== 22 failed, 1 passed in 0.67s =========================
